running egg_info
creating ../build/ControlTurtlesim/ControlTurtlesim.egg-info
writing ../build/ControlTurtlesim/ControlTurtlesim.egg-info/PKG-INFO
writing dependency_links to ../build/ControlTurtlesim/ControlTurtlesim.egg-info/dependency_links.txt
writing entry points to ../build/ControlTurtlesim/ControlTurtlesim.egg-info/entry_points.txt
writing requirements to ../build/ControlTurtlesim/ControlTurtlesim.egg-info/requires.txt
writing top-level names to ../build/ControlTurtlesim/ControlTurtlesim.egg-info/top_level.txt
writing manifest file '../build/ControlTurtlesim/ControlTurtlesim.egg-info/SOURCES.txt'
reading manifest file '../build/ControlTurtlesim/ControlTurtlesim.egg-info/SOURCES.txt'
writing manifest file '../build/ControlTurtlesim/ControlTurtlesim.egg-info/SOURCES.txt'
running build
running build_py
creating /media/mojarras/Wiwi/droneops/Learning-Projects/Ros2/build/ControlTurtlesim/build
creating /media/mojarras/Wiwi/droneops/Learning-Projects/Ros2/build/ControlTurtlesim/build/lib
creating /media/mojarras/Wiwi/droneops/Learning-Projects/Ros2/build/ControlTurtlesim/build/lib/ControlTurtlesim
copying ControlTurtlesim/ControlTurtleSim.py -> /media/mojarras/Wiwi/droneops/Learning-Projects/Ros2/build/ControlTurtlesim/build/lib/ControlTurtlesim
copying ControlTurtlesim/__init__.py -> /media/mojarras/Wiwi/droneops/Learning-Projects/Ros2/build/ControlTurtlesim/build/lib/ControlTurtlesim
running install
running install_lib
creating /media/mojarras/Wiwi/droneops/Learning-Projects/Ros2/install/ControlTurtlesim/lib/python3.12/site-packages/ControlTurtlesim
copying /media/mojarras/Wiwi/droneops/Learning-Projects/Ros2/build/ControlTurtlesim/build/lib/ControlTurtlesim/ControlTurtleSim.py -> /media/mojarras/Wiwi/droneops/Learning-Projects/Ros2/install/ControlTurtlesim/lib/python3.12/site-packages/ControlTurtlesim
copying /media/mojarras/Wiwi/droneops/Learning-Projects/Ros2/build/ControlTurtlesim/build/lib/ControlTurtlesim/__init__.py -> /media/mojarras/Wiwi/droneops/Learning-Projects/Ros2/install/ControlTurtlesim/lib/python3.12/site-packages/ControlTurtlesim
byte-compiling /media/mojarras/Wiwi/droneops/Learning-Projects/Ros2/install/ControlTurtlesim/lib/python3.12/site-packages/ControlTurtlesim/ControlTurtleSim.py to ControlTurtleSim.cpython-312.pyc
byte-compiling /media/mojarras/Wiwi/droneops/Learning-Projects/Ros2/install/ControlTurtlesim/lib/python3.12/site-packages/ControlTurtlesim/__init__.py to __init__.cpython-312.pyc
running install_data
creating /media/mojarras/Wiwi/droneops/Learning-Projects/Ros2/install/ControlTurtlesim/share/ament_index
creating /media/mojarras/Wiwi/droneops/Learning-Projects/Ros2/install/ControlTurtlesim/share/ament_index/resource_index
creating /media/mojarras/Wiwi/droneops/Learning-Projects/Ros2/install/ControlTurtlesim/share/ament_index/resource_index/packages
copying resource/ControlTurtlesim -> /media/mojarras/Wiwi/droneops/Learning-Projects/Ros2/install/ControlTurtlesim/share/ament_index/resource_index/packages
copying package.xml -> /media/mojarras/Wiwi/droneops/Learning-Projects/Ros2/install/ControlTurtlesim/share/ControlTurtlesim
running install_egg_info
Copying ../build/ControlTurtlesim/ControlTurtlesim.egg-info to /media/mojarras/Wiwi/droneops/Learning-Projects/Ros2/install/ControlTurtlesim/lib/python3.12/site-packages/ControlTurtlesim-0.0.0-py3.12.egg-info
running install_scripts
Installing ControlTurtleSim script to /media/mojarras/Wiwi/droneops/Learning-Projects/Ros2/install/ControlTurtlesim/lib/ControlTurtlesim
writing list of installed files to '/media/mojarras/Wiwi/droneops/Learning-Projects/Ros2/build/ControlTurtlesim/install.log'
