[1.737s] Invoking command in '/media/mojarras/Wiwi/droneops/Learning-Projects/Ros2/ControlTurtlesim': PYTHONPATH=/media/mojarras/Wiwi/droneops/Learning-Projects/Ros2/build/ControlTurtlesim/prefix_override:/usr/lib/python3/dist-packages/colcon_core/task/python/colcon_distutils_commands:/media/mojarras/Wiwi/droneops/Learning-Projects/Ros2/install/ControlTurtlesim/lib/python3.12/site-packages:${PYTHONPATH} /usr/bin/python3 -W ignore:setup.py install is deprecated -W ignore:easy_install command is deprecated setup.py egg_info --egg-base ../build/ControlTurtlesim build --build-base /media/mojarras/Wiwi/droneops/Learning-Projects/Ros2/build/ControlTurtlesim/build install --record /media/mojarras/Wiwi/droneops/Learning-Projects/Ros2/build/ControlTurtlesim/install.log --single-version-externally-managed install_data
[2.222s] running egg_info
[2.222s] creating ../build/ControlTurtlesim/ControlTurtlesim.egg-info
[2.262s] writing ../build/ControlTurtlesim/ControlTurtlesim.egg-info/PKG-INFO
[2.262s] writing dependency_links to ../build/ControlTurtlesim/ControlTurtlesim.egg-info/dependency_links.txt
[2.263s] writing entry points to ../build/ControlTurtlesim/ControlTurtlesim.egg-info/entry_points.txt
[2.263s] writing requirements to ../build/ControlTurtlesim/ControlTurtlesim.egg-info/requires.txt
[2.263s] writing top-level names to ../build/ControlTurtlesim/ControlTurtlesim.egg-info/top_level.txt
[2.264s] writing manifest file '../build/ControlTurtlesim/ControlTurtlesim.egg-info/SOURCES.txt'
[2.344s] reading manifest file '../build/ControlTurtlesim/ControlTurtlesim.egg-info/SOURCES.txt'
[2.345s] writing manifest file '../build/ControlTurtlesim/ControlTurtlesim.egg-info/SOURCES.txt'
[2.345s] running build
[2.345s] running build_py
[2.346s] creating /media/mojarras/Wiwi/droneops/Learning-Projects/Ros2/build/ControlTurtlesim/build
[2.346s] creating /media/mojarras/Wiwi/droneops/Learning-Projects/Ros2/build/ControlTurtlesim/build/lib
[2.346s] creating /media/mojarras/Wiwi/droneops/Learning-Projects/Ros2/build/ControlTurtlesim/build/lib/ControlTurtlesim
[2.346s] copying ControlTurtlesim/ControlTurtleSim.py -> /media/mojarras/Wiwi/droneops/Learning-Projects/Ros2/build/ControlTurtlesim/build/lib/ControlTurtlesim
[2.346s] copying ControlTurtlesim/__init__.py -> /media/mojarras/Wiwi/droneops/Learning-Projects/Ros2/build/ControlTurtlesim/build/lib/ControlTurtlesim
[2.347s] running install
[2.356s] running install_lib
[2.397s] creating /media/mojarras/Wiwi/droneops/Learning-Projects/Ros2/install/ControlTurtlesim/lib/python3.12/site-packages/ControlTurtlesim
[2.397s] copying /media/mojarras/Wiwi/droneops/Learning-Projects/Ros2/build/ControlTurtlesim/build/lib/ControlTurtlesim/ControlTurtleSim.py -> /media/mojarras/Wiwi/droneops/Learning-Projects/Ros2/install/ControlTurtlesim/lib/python3.12/site-packages/ControlTurtlesim
[2.397s] copying /media/mojarras/Wiwi/droneops/Learning-Projects/Ros2/build/ControlTurtlesim/build/lib/ControlTurtlesim/__init__.py -> /media/mojarras/Wiwi/droneops/Learning-Projects/Ros2/install/ControlTurtlesim/lib/python3.12/site-packages/ControlTurtlesim
[2.398s] byte-compiling /media/mojarras/Wiwi/droneops/Learning-Projects/Ros2/install/ControlTurtlesim/lib/python3.12/site-packages/ControlTurtlesim/ControlTurtleSim.py to ControlTurtleSim.cpython-312.pyc
[2.399s] byte-compiling /media/mojarras/Wiwi/droneops/Learning-Projects/Ros2/install/ControlTurtlesim/lib/python3.12/site-packages/ControlTurtlesim/__init__.py to __init__.cpython-312.pyc
[2.399s] running install_data
[2.399s] creating /media/mojarras/Wiwi/droneops/Learning-Projects/Ros2/install/ControlTurtlesim/share/ament_index
[2.399s] creating /media/mojarras/Wiwi/droneops/Learning-Projects/Ros2/install/ControlTurtlesim/share/ament_index/resource_index
[2.400s] creating /media/mojarras/Wiwi/droneops/Learning-Projects/Ros2/install/ControlTurtlesim/share/ament_index/resource_index/packages
[2.400s] copying resource/ControlTurtlesim -> /media/mojarras/Wiwi/droneops/Learning-Projects/Ros2/install/ControlTurtlesim/share/ament_index/resource_index/packages
[2.400s] copying package.xml -> /media/mojarras/Wiwi/droneops/Learning-Projects/Ros2/install/ControlTurtlesim/share/ControlTurtlesim
[2.400s] running install_egg_info
[2.442s] Copying ../build/ControlTurtlesim/ControlTurtlesim.egg-info to /media/mojarras/Wiwi/droneops/Learning-Projects/Ros2/install/ControlTurtlesim/lib/python3.12/site-packages/ControlTurtlesim-0.0.0-py3.12.egg-info
[2.444s] running install_scripts
[2.696s] Installing ControlTurtleSim script to /media/mojarras/Wiwi/droneops/Learning-Projects/Ros2/install/ControlTurtlesim/lib/ControlTurtlesim
[2.696s] writing list of installed files to '/media/mojarras/Wiwi/droneops/Learning-Projects/Ros2/build/ControlTurtlesim/install.log'
[2.739s] Invoked command in '/media/mojarras/Wiwi/droneops/Learning-Projects/Ros2/ControlTurtlesim' returned '0': PYTHONPATH=/media/mojarras/Wiwi/droneops/Learning-Projects/Ros2/build/ControlTurtlesim/prefix_override:/usr/lib/python3/dist-packages/colcon_core/task/python/colcon_distutils_commands:/media/mojarras/Wiwi/droneops/Learning-Projects/Ros2/install/ControlTurtlesim/lib/python3.12/site-packages:${PYTHONPATH} /usr/bin/python3 -W ignore:setup.py install is deprecated -W ignore:easy_install command is deprecated setup.py egg_info --egg-base ../build/ControlTurtlesim build --build-base /media/mojarras/Wiwi/droneops/Learning-Projects/Ros2/build/ControlTurtlesim/build install --record /media/mojarras/Wiwi/droneops/Learning-Projects/Ros2/build/ControlTurtlesim/install.log --single-version-externally-managed install_data
