[1.532s] Invoking command in '/media/mojarras/Wiwi/droneops/Learning-Projects/Ros2/ControlTurtlesim': PYTHONPATH=/media/mojarras/Wiwi/droneops/Learning-Projects/Ros2/build/ControlTurtlesim/prefix_override:/usr/lib/python3/dist-packages/colcon_core/task/python/colcon_distutils_commands:/media/mojarras/Wiwi/droneops/Learning-Projects/Ros2/install/ControlTurtlesim/lib/python3.12/site-packages:${PYTHONPATH} /usr/bin/python3 -W ignore:setup.py install is deprecated -W ignore:easy_install command is deprecated setup.py egg_info --egg-base ../build/ControlTurtlesim build --build-base /media/mojarras/Wiwi/droneops/Learning-Projects/Ros2/build/ControlTurtlesim/build install --record /media/mojarras/Wiwi/droneops/Learning-Projects/Ros2/build/ControlTurtlesim/install.log --single-version-externally-managed install_data
[2.133s] running egg_info
[2.173s] writing ../build/ControlTurtlesim/ControlTurtlesim.egg-info/PKG-INFO
[2.174s] writing dependency_links to ../build/ControlTurtlesim/ControlTurtlesim.egg-info/dependency_links.txt
[2.174s] writing entry points to ../build/ControlTurtlesim/ControlTurtlesim.egg-info/entry_points.txt
[2.174s] writing requirements to ../build/ControlTurtlesim/ControlTurtlesim.egg-info/requires.txt
[2.174s] writing top-level names to ../build/ControlTurtlesim/ControlTurtlesim.egg-info/top_level.txt
[2.258s] reading manifest file '../build/ControlTurtlesim/ControlTurtlesim.egg-info/SOURCES.txt'
[2.259s] writing manifest file '../build/ControlTurtlesim/ControlTurtlesim.egg-info/SOURCES.txt'
[2.259s] running build
[2.260s] running build_py
[2.260s] copying ControlTurtlesim/ControlTurtleSim.py -> /media/mojarras/Wiwi/droneops/Learning-Projects/Ros2/build/ControlTurtlesim/build/lib/ControlTurtlesim
[2.260s] running install
[2.270s] running install_lib
[2.312s] copying /media/mojarras/Wiwi/droneops/Learning-Projects/Ros2/build/ControlTurtlesim/build/lib/ControlTurtlesim/ControlTurtleSim.py -> /media/mojarras/Wiwi/droneops/Learning-Projects/Ros2/install/ControlTurtlesim/lib/python3.12/site-packages/ControlTurtlesim
[2.313s] byte-compiling /media/mojarras/Wiwi/droneops/Learning-Projects/Ros2/install/ControlTurtlesim/lib/python3.12/site-packages/ControlTurtlesim/ControlTurtleSim.py to ControlTurtleSim.cpython-312.pyc
[2.314s] running install_data
[2.314s] running install_egg_info
[2.360s] removing '/media/mojarras/Wiwi/droneops/Learning-Projects/Ros2/install/ControlTurtlesim/lib/python3.12/site-packages/ControlTurtlesim-0.0.0-py3.12.egg-info' (and everything under it)
[2.360s] Copying ../build/ControlTurtlesim/ControlTurtlesim.egg-info to /media/mojarras/Wiwi/droneops/Learning-Projects/Ros2/install/ControlTurtlesim/lib/python3.12/site-packages/ControlTurtlesim-0.0.0-py3.12.egg-info
[2.362s] running install_scripts
[2.618s] Installing control script to /media/mojarras/Wiwi/droneops/Learning-Projects/Ros2/install/ControlTurtlesim/lib/ControlTurtlesim
[2.619s] writing list of installed files to '/media/mojarras/Wiwi/droneops/Learning-Projects/Ros2/build/ControlTurtlesim/install.log'
[2.655s] Invoked command in '/media/mojarras/Wiwi/droneops/Learning-Projects/Ros2/ControlTurtlesim' returned '0': PYTHONPATH=/media/mojarras/Wiwi/droneops/Learning-Projects/Ros2/build/ControlTurtlesim/prefix_override:/usr/lib/python3/dist-packages/colcon_core/task/python/colcon_distutils_commands:/media/mojarras/Wiwi/droneops/Learning-Projects/Ros2/install/ControlTurtlesim/lib/python3.12/site-packages:${PYTHONPATH} /usr/bin/python3 -W ignore:setup.py install is deprecated -W ignore:easy_install command is deprecated setup.py egg_info --egg-base ../build/ControlTurtlesim build --build-base /media/mojarras/Wiwi/droneops/Learning-Projects/Ros2/build/ControlTurtlesim/build install --record /media/mojarras/Wiwi/droneops/Learning-Projects/Ros2/build/ControlTurtlesim/install.log --single-version-externally-managed install_data
