[0.000000] (-) TimerEvent: {}
[0.000252] (ControlTurtlesim) JobQueued: {'identifier': 'ControlTurtlesim', 'dependencies': OrderedDict()}
[0.000328] (ControlTurtlesim) JobStarted: {'identifier': 'ControlTurtlesim'}
[0.099121] (-) TimerEvent: {}
[0.199395] (-) TimerEvent: {}
[0.299647] (-) TimerEvent: {}
[0.400081] (-) TimerEvent: {}
[0.500343] (-) TimerEvent: {}
[0.600622] (-) TimerEvent: {}
[0.700886] (-) TimerEvent: {}
[0.801145] (-) TimerEvent: {}
[0.901471] (-) TimerEvent: {}
[1.001740] (-) TimerEvent: {}
[1.102055] (-) TimerEvent: {}
[1.202394] (-) TimerEvent: {}
[1.302716] (-) TimerEvent: {}
[1.402996] (-) TimerEvent: {}
[1.503258] (-) TimerEvent: {}
[1.603516] (-) TimerEvent: {}
[1.703805] (-) TimerEvent: {}
[1.735185] (ControlTurtlesim) Command: {'cmd': ['/usr/bin/python3', '-W', 'ignore:setup.py install is deprecated', '-W', 'ignore:easy_install command is deprecated', 'setup.py', 'egg_info', '--egg-base', '../build/ControlTurtlesim', 'build', '--build-base', '/media/mojarras/Wiwi/droneops/Learning-Projects/Ros2/build/ControlTurtlesim/build', 'install', '--record', '/media/mojarras/Wiwi/droneops/Learning-Projects/Ros2/build/ControlTurtlesim/install.log', '--single-version-externally-managed', 'install_data'], 'cwd': '/media/mojarras/Wiwi/droneops/Learning-Projects/Ros2/ControlTurtlesim', 'env': {'LESSOPEN': '| /usr/bin/lesspipe %s', 'HYPRCURSOR_THEME': 'Bibata-Modern-Classic', 'GZ_SIM_RESOURCE_PATH': '/opt/ros/jazzy/share', 'HYPRLAND_CMD': 'Hyprland --watchdog-fd 4', 'LANGUAGE': 'en_US:en', 'USER': 'mojarras', 'HYPRLAND_INSTANCE_SIGNATURE': 'a0136d8c04687bb36eb8a28eb9d1ff92aea99704_1786637553_196851856', 'LC_TIME': 'es_MX.UTF-8', 'GZ_CONFIG_PATH': '/opt/ros/jazzy/opt/gz_sim_vendor/share/gz:/opt/ros/jazzy/opt/sdformat_vendor/share/gz:/opt/ros/jazzy/opt/gz_gui_vendor/share/gz:/opt/ros/jazzy/opt/gz_transport_vendor/share/gz:/opt/ros/jazzy/opt/gz_rendering_vendor/share/gz:/opt/ros/jazzy/opt/gz_plugin_vendor/share/gz:/opt/ros/jazzy/opt/gz_fuel_tools_vendor/share/gz:/opt/ros/jazzy/opt/gz_msgs_vendor/share/gz:/opt/ros/jazzy/opt/gz_common_vendor/share/gz', 'XDG_SEAT': 'seat0', 'STARSHIP_SHELL': 'bash', 'XDG_SESSION_TYPE': 'wayland', 'XCURSOR_SIZE': '16', 'SHLVL': '1', 'LD_LIBRARY_PATH': '/opt/ros/jazzy/opt/gz_sim_vendor/lib:/opt/ros/jazzy/opt/gz_sensors_vendor/lib:/opt/ros/jazzy/opt/gz_physics_vendor/lib:/opt/ros/jazzy/opt/sdformat_vendor/lib:/opt/ros/jazzy/opt/rviz_ogre_vendor/lib:/opt/ros/jazzy/lib/x86_64-linux-gnu:/opt/ros/jazzy/opt/gz_gui_vendor/lib:/opt/ros/jazzy/opt/gz_transport_vendor/lib:/opt/ros/jazzy/opt/gz_rendering_vendor/lib:/opt/ros/jazzy/opt/gz_plugin_vendor/lib:/opt/ros/jazzy/opt/gz_fuel_tools_vendor/lib:/opt/ros/jazzy/opt/gz_msgs_vendor/lib:/opt/ros/jazzy/opt/gz_common_vendor/lib:/opt/ros/jazzy/opt/gz_math_vendor/lib:/opt/ros/jazzy/opt/gz_utils_vendor/lib:/opt/ros/jazzy/opt/gz_tools_vendor/lib:/opt/ros/jazzy/opt/gz_ogre_next_vendor/lib:/opt/ros/jazzy/opt/gz_dartsim_vendor/lib:/opt/ros/jazzy/opt/gz_cmake_vendor/lib:/opt/ros/jazzy/lib', 'HOME': '/home/mojarras', 'TERMINFO': '/usr/lib/kitty/terminfo', 'MOZ_ENABLE_WAYLAND': '1', 'OLDPWD': '/media/mojarras/Wiwi/droneops/Learning-Projects/Ros2/ControlTurtlesim', 'DESKTOP_SESSION': 'hyprland', 'KITTY_INSTALLATION_DIR': '/usr/lib/kitty', 'ROS_PYTHON_VERSION': '3', 'GTK_MODULES': 'gail:atk-bridge', 'LC_MONETARY': 'es_MX.UTF-8', 'KITTY_PID': '6878', 'GSM_SKIP_SSH_AGENT_WORKAROUND': 'true', 'DBUS_SESSION_BUS_ADDRESS': 'unix:path=/run/user/1000/bus', 'COLORTERM': 'truecolor', 'WAYLAND_DISPLAY': 'wayland-1', 'ROS_DISTRO': 'jazzy', 'LOGNAME': 'mojarras', '_': '/usr/bin/colcon', 'ROS_VERSION': '2', 'XDG_SESSION_CLASS': 'user', 'KITTY_PUBLIC_KEY': '1:{d}>D5lI+c`V5n{1}M_)S+L^`g?+Z3^QVJ|ZtUPJ', 'USERNAME': 'mojarras', 'TERM': 'xterm-kitty', 'XDG_SESSION_ID': '1', 'ROS_LOCALHOST_ONLY': '1', 'HL_INITIAL_WORKSPACE_TOKEN': '73167c15-4f3d-47d0-a91d-c1dd51feb03c', 'PATH': '/home/mojarras/.local/bin:/opt/ros/jazzy/opt/gz_msgs_vendor/bin:/opt/ros/jazzy/opt/gz_tools_vendor/bin:/opt/ros/jazzy/opt/gz_ogre_next_vendor/bin:/opt/ros/jazzy/bin:/usr/local/sbin:/usr/local/bin:/usr/sbin:/usr/bin:/sbin:/bin:/usr/games:/usr/local/games:/snap/bin:/snap/bin:/home/mojarras/ardu_ws/Micro-XRCE-DDS-Gen/scripts', 'PAPERSIZE': 'letter', 'LC_ADDRESS': 'es_MX.UTF-8', 'XDG_RUNTIME_DIR': '/run/user/1000', 'XCURSOR_THEME': 'Bibata-Modern-Classic', 'DISPLAY': ':0', 'HYPRCURSOR_SIZE': '16', 'LANG': 'en_US.UTF-8', 'XDG_CURRENT_DESKTOP': 'Hyprland', 'LC_TELEPHONE': 'es_MX.UTF-8', 'XDG_SESSION_DESKTOP': 'hyprland', 'LS_COLORS': 'di=01;34:fi=00:ex=01;35:ln=01;36:ow=01;34:tw=01;34:st=01;34:*.dat=01;35:*.tmp=01;35:*.sys=01;35:*.sh=01;35:*.log=01;35:', 'SSH_AUTH_SOCK': '/run/user/1000/gnupg/S.gpg-agent.ssh', 'ROS_DOMAIN_ID': '22', 'AMENT_PREFIX_PATH': '/opt/ros/jazzy', 'SHELL': '/bin/bash', 'LC_NAME': 'es_MX.UTF-8', 'QT_ACCESSIBILITY': '1', 'GDMSESSION': 'hyprland', '_JAVA_AWT_WM_NONREPARENTING': '1', 'KITTY_WINDOW_ID': '1', 'LESSCLOSE': '/usr/bin/lesspipe %s %s', 'LC_MEASUREMENT': 'es_MX.UTF-8', 'LC_IDENTIFICATION': 'es_MX.UTF-8', 'GZ_VERSION': 'harmonic', 'ROS_AUTOMATIC_DISCOVERY_RANGE': 'SUBNET', 'XDG_VTNR': '2', 'PWD': '/media/mojarras/Wiwi/droneops/Learning-Projects/Ros2/build/ControlTurtlesim', 'XDG_BACKEND': 'wayland', 'XDG_DATA_DIRS': '/usr/local/share/:/usr/share/:/var/lib/snapd/desktop', 'STARSHIP_SESSION_KEY': '2166118573684620', 'PYTHONPATH': '/media/mojarras/Wiwi/droneops/Learning-Projects/Ros2/build/ControlTurtlesim/prefix_override:/usr/lib/python3/dist-packages/colcon_core/task/python/colcon_distutils_commands:/media/mojarras/Wiwi/droneops/Learning-Projects/Ros2/install/ControlTurtlesim/lib/python3.12/site-packages:/opt/ros/jazzy/lib/python3.12/site-packages', 'LC_NUMERIC': 'es_MX.UTF-8', 'LC_PAPER': 'es_MX.UTF-8', 'COLCON': '1', 'CMAKE_PREFIX_PATH': '/opt/ros/jazzy/opt/gz_sim_vendor:/opt/ros/jazzy/opt/gz_sensors_vendor:/opt/ros/jazzy/opt/gz_physics_vendor:/opt/ros/jazzy/opt/sdformat_vendor:/opt/ros/jazzy/opt/gz_gui_vendor:/opt/ros/jazzy/opt/gz_transport_vendor:/opt/ros/jazzy/opt/gz_rendering_vendor:/opt/ros/jazzy/opt/gz_plugin_vendor:/opt/ros/jazzy/opt/gz_fuel_tools_vendor:/opt/ros/jazzy/opt/gz_msgs_vendor:/opt/ros/jazzy/opt/gz_common_vendor:/opt/ros/jazzy/opt/gz_math_vendor:/opt/ros/jazzy/opt/gz_utils_vendor:/opt/ros/jazzy/opt/gz_tools_vendor:/opt/ros/jazzy/opt/gz_ogre_next_vendor:/opt/ros/jazzy/opt/gz_dartsim_vendor:/opt/ros/jazzy/opt/gz_cmake_vendor'}, 'shell': False}
[1.803926] (-) TimerEvent: {}
[1.904204] (-) TimerEvent: {}
[2.004465] (-) TimerEvent: {}
[2.104711] (-) TimerEvent: {}
[2.204973] (-) TimerEvent: {}
[2.222213] (ControlTurtlesim) StdoutLine: {'line': b'running egg_info\n'}
[2.222656] (ControlTurtlesim) StdoutLine: {'line': b'creating ../build/ControlTurtlesim/ControlTurtlesim.egg-info\n'}
[2.262169] (ControlTurtlesim) StdoutLine: {'line': b'writing ../build/ControlTurtlesim/ControlTurtlesim.egg-info/PKG-INFO\n'}
[2.262536] (ControlTurtlesim) StdoutLine: {'line': b'writing dependency_links to ../build/ControlTurtlesim/ControlTurtlesim.egg-info/dependency_links.txt\n'}
[2.262813] (ControlTurtlesim) StdoutLine: {'line': b'writing entry points to ../build/ControlTurtlesim/ControlTurtlesim.egg-info/entry_points.txt\n'}
[2.263256] (ControlTurtlesim) StdoutLine: {'line': b'writing requirements to ../build/ControlTurtlesim/ControlTurtlesim.egg-info/requires.txt\n'}
[2.263577] (ControlTurtlesim) StdoutLine: {'line': b'writing top-level names to ../build/ControlTurtlesim/ControlTurtlesim.egg-info/top_level.txt\n'}
[2.263814] (ControlTurtlesim) StdoutLine: {'line': b"writing manifest file '../build/ControlTurtlesim/ControlTurtlesim.egg-info/SOURCES.txt'\n"}
[2.305093] (-) TimerEvent: {}
[2.344135] (ControlTurtlesim) StdoutLine: {'line': b"reading manifest file '../build/ControlTurtlesim/ControlTurtlesim.egg-info/SOURCES.txt'\n"}
[2.345094] (ControlTurtlesim) StdoutLine: {'line': b"writing manifest file '../build/ControlTurtlesim/ControlTurtlesim.egg-info/SOURCES.txt'\n"}
[2.345385] (ControlTurtlesim) StdoutLine: {'line': b'running build\n'}
[2.345554] (ControlTurtlesim) StdoutLine: {'line': b'running build_py\n'}
[2.345890] (ControlTurtlesim) StdoutLine: {'line': b'creating /media/mojarras/Wiwi/droneops/Learning-Projects/Ros2/build/ControlTurtlesim/build\n'}
[2.346235] (ControlTurtlesim) StdoutLine: {'line': b'creating /media/mojarras/Wiwi/droneops/Learning-Projects/Ros2/build/ControlTurtlesim/build/lib\n'}
[2.346412] (ControlTurtlesim) StdoutLine: {'line': b'creating /media/mojarras/Wiwi/droneops/Learning-Projects/Ros2/build/ControlTurtlesim/build/lib/ControlTurtlesim\n'}
[2.346613] (ControlTurtlesim) StdoutLine: {'line': b'copying ControlTurtlesim/ControlTurtleSim.py -> /media/mojarras/Wiwi/droneops/Learning-Projects/Ros2/build/ControlTurtlesim/build/lib/ControlTurtlesim\n'}
[2.346741] (ControlTurtlesim) StdoutLine: {'line': b'copying ControlTurtlesim/__init__.py -> /media/mojarras/Wiwi/droneops/Learning-Projects/Ros2/build/ControlTurtlesim/build/lib/ControlTurtlesim\n'}
[2.346892] (ControlTurtlesim) StdoutLine: {'line': b'running install\n'}
[2.356471] (ControlTurtlesim) StdoutLine: {'line': b'running install_lib\n'}
[2.397145] (ControlTurtlesim) StdoutLine: {'line': b'creating /media/mojarras/Wiwi/droneops/Learning-Projects/Ros2/install/ControlTurtlesim/lib/python3.12/site-packages/ControlTurtlesim\n'}
[2.397485] (ControlTurtlesim) StdoutLine: {'line': b'copying /media/mojarras/Wiwi/droneops/Learning-Projects/Ros2/build/ControlTurtlesim/build/lib/ControlTurtlesim/ControlTurtleSim.py -> /media/mojarras/Wiwi/droneops/Learning-Projects/Ros2/install/ControlTurtlesim/lib/python3.12/site-packages/ControlTurtlesim\n'}
[2.397627] (ControlTurtlesim) StdoutLine: {'line': b'copying /media/mojarras/Wiwi/droneops/Learning-Projects/Ros2/build/ControlTurtlesim/build/lib/ControlTurtlesim/__init__.py -> /media/mojarras/Wiwi/droneops/Learning-Projects/Ros2/install/ControlTurtlesim/lib/python3.12/site-packages/ControlTurtlesim\n'}
[2.398138] (ControlTurtlesim) StdoutLine: {'line': b'byte-compiling /media/mojarras/Wiwi/droneops/Learning-Projects/Ros2/install/ControlTurtlesim/lib/python3.12/site-packages/ControlTurtlesim/ControlTurtleSim.py to ControlTurtleSim.cpython-312.pyc\n'}
[2.399052] (ControlTurtlesim) StdoutLine: {'line': b'byte-compiling /media/mojarras/Wiwi/droneops/Learning-Projects/Ros2/install/ControlTurtlesim/lib/python3.12/site-packages/ControlTurtlesim/__init__.py to __init__.cpython-312.pyc\n'}
[2.399364] (ControlTurtlesim) StdoutLine: {'line': b'running install_data\n'}
[2.399586] (ControlTurtlesim) StdoutLine: {'line': b'creating /media/mojarras/Wiwi/droneops/Learning-Projects/Ros2/install/ControlTurtlesim/share/ament_index\n'}
[2.399710] (ControlTurtlesim) StdoutLine: {'line': b'creating /media/mojarras/Wiwi/droneops/Learning-Projects/Ros2/install/ControlTurtlesim/share/ament_index/resource_index\n'}
[2.399912] (ControlTurtlesim) StdoutLine: {'line': b'creating /media/mojarras/Wiwi/droneops/Learning-Projects/Ros2/install/ControlTurtlesim/share/ament_index/resource_index/packages\n'}
[2.400076] (ControlTurtlesim) StdoutLine: {'line': b'copying resource/ControlTurtlesim -> /media/mojarras/Wiwi/droneops/Learning-Projects/Ros2/install/ControlTurtlesim/share/ament_index/resource_index/packages\n'}
[2.400284] (ControlTurtlesim) StdoutLine: {'line': b'copying package.xml -> /media/mojarras/Wiwi/droneops/Learning-Projects/Ros2/install/ControlTurtlesim/share/ControlTurtlesim\n'}
[2.400463] (ControlTurtlesim) StdoutLine: {'line': b'running install_egg_info\n'}
[2.405169] (-) TimerEvent: {}
[2.442537] (ControlTurtlesim) StdoutLine: {'line': b'Copying ../build/ControlTurtlesim/ControlTurtlesim.egg-info to /media/mojarras/Wiwi/droneops/Learning-Projects/Ros2/install/ControlTurtlesim/lib/python3.12/site-packages/ControlTurtlesim-0.0.0-py3.12.egg-info\n'}
[2.444482] (ControlTurtlesim) StdoutLine: {'line': b'running install_scripts\n'}
[2.505300] (-) TimerEvent: {}
[2.605576] (-) TimerEvent: {}
[2.695939] (ControlTurtlesim) StdoutLine: {'line': b'Installing ControlTurtleSim script to /media/mojarras/Wiwi/droneops/Learning-Projects/Ros2/install/ControlTurtlesim/lib/ControlTurtlesim\n'}
[2.696659] (ControlTurtlesim) StdoutLine: {'line': b"writing list of installed files to '/media/mojarras/Wiwi/droneops/Learning-Projects/Ros2/build/ControlTurtlesim/install.log'\n"}
[2.705658] (-) TimerEvent: {}
[2.738890] (ControlTurtlesim) CommandEnded: {'returncode': 0}
[2.774697] (ControlTurtlesim) JobEnded: {'identifier': 'ControlTurtlesim', 'rc': 0}
[2.775588] (-) EventReactorShutdown: {}
