[0.232s] DEBUG:colcon:Command line arguments: ['/usr/bin/colcon', 'build']
[0.233s] DEBUG:colcon:Parsed command line arguments: Namespace(log_base=None, log_level=None, verb_name='build', build_base='build', install_base='install', merge_install=False, symlink_install=False, test_result_base=None, continue_on_error=False, executor='parallel', parallel_workers=8, event_handlers=None, ignore_user_meta=False, metas=['./colcon.meta'], base_paths=['.'], packages_ignore=None, packages_ignore_regex=None, paths=None, packages_up_to=None, packages_up_to_regex=None, packages_above=None, packages_above_and_dependencies=None, packages_above_depth=None, packages_select_by_dep=None, packages_skip_by_dep=None, packages_skip_up_to=None, packages_select_build_failed=False, packages_skip_build_finished=False, packages_select_test_failures=False, packages_skip_test_passed=False, packages_select=None, packages_skip=None, packages_select_regex=None, packages_skip_regex=None, packages_start=None, packages_end=None, allow_overriding=[], cmake_args=None, cmake_target=None, cmake_target_skip_unavailable=False, cmake_clean_cache=False, cmake_clean_first=False, cmake_force_configure=False, ament_cmake_args=None, catkin_cmake_args=None, catkin_skip_building_tests=False, verb_parser=<colcon_defaults.argument_parser.defaults.DefaultArgumentsDecorator object at 0x7aa11e5d4620>, verb_extension=<colcon_core.verb.build.BuildVerb object at 0x7aa11e5d4590>, main=<bound method BuildVerb.main of <colcon_core.verb.build.BuildVerb object at 0x7aa11e5d4590>>)
[0.296s] Level 1:colcon.colcon_core.package_discovery:discover_packages(colcon_meta) check parameters
[0.297s] Level 1:colcon.colcon_core.package_discovery:discover_packages(recursive) check parameters
[0.297s] Level 1:colcon.colcon_core.package_discovery:discover_packages(ignore) check parameters
[0.297s] Level 1:colcon.colcon_core.package_discovery:discover_packages(path) check parameters
[0.297s] Level 1:colcon.colcon_core.package_discovery:discover_packages(colcon_meta) discover
[0.297s] Level 1:colcon.colcon_core.package_discovery:discover_packages(recursive) discover
[0.297s] INFO:colcon.colcon_core.package_discovery:Crawling recursively for packages in '/media/mojarras/Wiwi/droneops/Learning-Projects/Ros2'
[0.297s] Level 1:colcon.colcon_core.package_identification:_identify(.) by extensions ['ignore', 'ignore_ament_install']
[0.297s] Level 1:colcon.colcon_core.package_identification:_identify(.) by extension 'ignore'
[0.297s] Level 1:colcon.colcon_core.package_identification:_identify(.) by extension 'ignore_ament_install'
[0.297s] Level 1:colcon.colcon_core.package_identification:_identify(.) by extensions ['colcon_pkg']
[0.297s] Level 1:colcon.colcon_core.package_identification:_identify(.) by extension 'colcon_pkg'
[0.298s] Level 1:colcon.colcon_core.package_identification:_identify(.) by extensions ['colcon_meta']
[0.298s] Level 1:colcon.colcon_core.package_identification:_identify(.) by extension 'colcon_meta'
[0.298s] Level 1:colcon.colcon_core.package_identification:_identify(.) by extensions ['ros']
[0.298s] Level 1:colcon.colcon_core.package_identification:_identify(.) by extension 'ros'
[0.336s] Level 1:colcon.colcon_core.package_identification:_identify(.) by extensions ['cmake', 'python']
[0.336s] Level 1:colcon.colcon_core.package_identification:_identify(.) by extension 'cmake'
[0.336s] Level 1:colcon.colcon_core.package_identification:_identify(.) by extension 'python'
[0.336s] Level 1:colcon.colcon_core.package_identification:_identify(.) by extensions ['python_setup_py']
[0.336s] Level 1:colcon.colcon_core.package_identification:_identify(.) by extension 'python_setup_py'
[0.336s] Level 1:colcon.colcon_core.package_identification:_identify(ControlTurtlesim) by extensions ['ignore', 'ignore_ament_install']
[0.337s] Level 1:colcon.colcon_core.package_identification:_identify(ControlTurtlesim) by extension 'ignore'
[0.337s] Level 1:colcon.colcon_core.package_identification:_identify(ControlTurtlesim) by extension 'ignore_ament_install'
[0.337s] Level 1:colcon.colcon_core.package_identification:_identify(ControlTurtlesim) by extensions ['colcon_pkg']
[0.337s] Level 1:colcon.colcon_core.package_identification:_identify(ControlTurtlesim) by extension 'colcon_pkg'
[0.337s] Level 1:colcon.colcon_core.package_identification:_identify(ControlTurtlesim) by extensions ['colcon_meta']
[0.337s] Level 1:colcon.colcon_core.package_identification:_identify(ControlTurtlesim) by extension 'colcon_meta'
[0.337s] Level 1:colcon.colcon_core.package_identification:_identify(ControlTurtlesim) by extensions ['ros']
[0.337s] Level 1:colcon.colcon_core.package_identification:_identify(ControlTurtlesim) by extension 'ros'
[0.340s] DEBUG:colcon.colcon_core.package_identification:Package 'ControlTurtlesim' with type 'ros.ament_python' and name 'ControlTurtlesim'
[0.340s] Level 1:colcon.colcon_core.package_identification:_identify(build) by extensions ['ignore', 'ignore_ament_install']
[0.341s] Level 1:colcon.colcon_core.package_identification:_identify(build) by extension 'ignore'
[0.341s] Level 1:colcon.colcon_core.package_identification:_identify(build) ignored
[0.341s] Level 1:colcon.colcon_core.package_identification:_identify(install) by extensions ['ignore', 'ignore_ament_install']
[0.341s] Level 1:colcon.colcon_core.package_identification:_identify(install) by extension 'ignore'
[0.341s] Level 1:colcon.colcon_core.package_identification:_identify(install) ignored
[0.341s] Level 1:colcon.colcon_core.package_identification:_identify(log) by extensions ['ignore', 'ignore_ament_install']
[0.341s] Level 1:colcon.colcon_core.package_identification:_identify(log) by extension 'ignore'
[0.341s] Level 1:colcon.colcon_core.package_identification:_identify(log) ignored
[0.341s] Level 1:colcon.colcon_core.package_discovery:discover_packages(recursive) using defaults
[0.342s] Level 1:colcon.colcon_core.package_discovery:discover_packages(ignore) discover
[0.342s] Level 1:colcon.colcon_core.package_discovery:discover_packages(ignore) using defaults
[0.342s] Level 1:colcon.colcon_core.package_discovery:discover_packages(path) discover
[0.342s] Level 1:colcon.colcon_core.package_discovery:discover_packages(path) using defaults
[0.372s] Level 1:colcon.colcon_core.package_discovery:discover_packages(prefix_path) check parameters
[0.372s] Level 1:colcon.colcon_core.package_discovery:discover_packages(prefix_path) discover
[0.375s] DEBUG:colcon.colcon_installed_package_information.package_discovery:Found 1 installed packages in /media/mojarras/Wiwi/droneops/Learning-Projects/Ros2/install
[0.378s] DEBUG:colcon.colcon_installed_package_information.package_discovery:Found 421 installed packages in /opt/ros/jazzy
[0.379s] Level 1:colcon.colcon_core.package_discovery:discover_packages(prefix_path) using defaults
[0.474s] Level 5:colcon.colcon_core.verb:set package 'ControlTurtlesim' build argument 'cmake_args' from command line to 'None'
[0.474s] Level 5:colcon.colcon_core.verb:set package 'ControlTurtlesim' build argument 'cmake_target' from command line to 'None'
[0.474s] Level 5:colcon.colcon_core.verb:set package 'ControlTurtlesim' build argument 'cmake_target_skip_unavailable' from command line to 'False'
[0.474s] Level 5:colcon.colcon_core.verb:set package 'ControlTurtlesim' build argument 'cmake_clean_cache' from command line to 'False'
[0.474s] Level 5:colcon.colcon_core.verb:set package 'ControlTurtlesim' build argument 'cmake_clean_first' from command line to 'False'
[0.474s] Level 5:colcon.colcon_core.verb:set package 'ControlTurtlesim' build argument 'cmake_force_configure' from command line to 'False'
[0.474s] Level 5:colcon.colcon_core.verb:set package 'ControlTurtlesim' build argument 'ament_cmake_args' from command line to 'None'
[0.474s] Level 5:colcon.colcon_core.verb:set package 'ControlTurtlesim' build argument 'catkin_cmake_args' from command line to 'None'
[0.474s] Level 5:colcon.colcon_core.verb:set package 'ControlTurtlesim' build argument 'catkin_skip_building_tests' from command line to 'False'
[0.474s] DEBUG:colcon.colcon_core.verb:Building package 'ControlTurtlesim' with the following arguments: {'ament_cmake_args': None, 'build_base': '/media/mojarras/Wiwi/droneops/Learning-Projects/Ros2/build/ControlTurtlesim', 'catkin_cmake_args': None, 'catkin_skip_building_tests': False, 'cmake_args': None, 'cmake_clean_cache': False, 'cmake_clean_first': False, 'cmake_force_configure': False, 'cmake_target': None, 'cmake_target_skip_unavailable': False, 'install_base': '/media/mojarras/Wiwi/droneops/Learning-Projects/Ros2/install/ControlTurtlesim', 'merge_install': False, 'path': '/media/mojarras/Wiwi/droneops/Learning-Projects/Ros2/ControlTurtlesim', 'symlink_install': False, 'test_result_base': None}
[0.475s] INFO:colcon.colcon_core.executor:Executing jobs using 'parallel' executor
[0.476s] DEBUG:colcon.colcon_parallel_executor.executor.parallel:run_until_complete
[0.476s] INFO:colcon.colcon_ros.task.ament_python.build:Building ROS package in '/media/mojarras/Wiwi/droneops/Learning-Projects/Ros2/ControlTurtlesim' with build type 'ament_python'
[0.476s] Level 1:colcon.colcon_core.shell:create_environment_hook('ControlTurtlesim', 'ament_prefix_path')
[0.481s] INFO:colcon.colcon_core.plugin_system:Skipping extension 'colcon_core.shell.bat': Not used on non-Windows systems
[0.481s] INFO:colcon.colcon_core.shell:Creating environment hook '/media/mojarras/Wiwi/droneops/Learning-Projects/Ros2/install/ControlTurtlesim/share/ControlTurtlesim/hook/ament_prefix_path.ps1'
[0.482s] INFO:colcon.colcon_core.shell:Creating environment descriptor '/media/mojarras/Wiwi/droneops/Learning-Projects/Ros2/install/ControlTurtlesim/share/ControlTurtlesim/hook/ament_prefix_path.dsv'
[0.483s] INFO:colcon.colcon_core.shell:Creating environment hook '/media/mojarras/Wiwi/droneops/Learning-Projects/Ros2/install/ControlTurtlesim/share/ControlTurtlesim/hook/ament_prefix_path.sh'
[0.484s] INFO:colcon.colcon_core.shell:Skip shell extension 'powershell' for command environment: Not usable outside of PowerShell
[0.484s] DEBUG:colcon.colcon_core.shell:Skip shell extension 'dsv' for command environment
[0.864s] INFO:colcon.colcon_core.task.python.build:Building Python package in '/media/mojarras/Wiwi/droneops/Learning-Projects/Ros2/ControlTurtlesim'
[0.864s] INFO:colcon.colcon_core.shell:Skip shell extension 'powershell' for command environment: Not usable outside of PowerShell
[0.864s] DEBUG:colcon.colcon_core.shell:Skip shell extension 'dsv' for command environment
[1.932s] DEBUG:colcon.colcon_core.event_handler.log_command:Invoking command in '/media/mojarras/Wiwi/droneops/Learning-Projects/Ros2/ControlTurtlesim': PYTHONPATH=/media/mojarras/Wiwi/droneops/Learning-Projects/Ros2/build/ControlTurtlesim/prefix_override:/usr/lib/python3/dist-packages/colcon_core/task/python/colcon_distutils_commands:/media/mojarras/Wiwi/droneops/Learning-Projects/Ros2/install/ControlTurtlesim/lib/python3.12/site-packages:${PYTHONPATH} /usr/bin/python3 -W ignore:setup.py install is deprecated -W ignore:easy_install command is deprecated setup.py egg_info --egg-base ../build/ControlTurtlesim build --build-base /media/mojarras/Wiwi/droneops/Learning-Projects/Ros2/build/ControlTurtlesim/build install --record /media/mojarras/Wiwi/droneops/Learning-Projects/Ros2/build/ControlTurtlesim/install.log --single-version-externally-managed install_data
[2.958s] DEBUG:colcon.colcon_core.event_handler.log_command:Invoked command in '/media/mojarras/Wiwi/droneops/Learning-Projects/Ros2/ControlTurtlesim' returned '0': PYTHONPATH=/media/mojarras/Wiwi/droneops/Learning-Projects/Ros2/build/ControlTurtlesim/prefix_override:/usr/lib/python3/dist-packages/colcon_core/task/python/colcon_distutils_commands:/media/mojarras/Wiwi/droneops/Learning-Projects/Ros2/install/ControlTurtlesim/lib/python3.12/site-packages:${PYTHONPATH} /usr/bin/python3 -W ignore:setup.py install is deprecated -W ignore:easy_install command is deprecated setup.py egg_info --egg-base ../build/ControlTurtlesim build --build-base /media/mojarras/Wiwi/droneops/Learning-Projects/Ros2/build/ControlTurtlesim/build install --record /media/mojarras/Wiwi/droneops/Learning-Projects/Ros2/build/ControlTurtlesim/install.log --single-version-externally-managed install_data
[2.965s] Level 1:colcon.colcon_core.environment:checking '/media/mojarras/Wiwi/droneops/Learning-Projects/Ros2/install/ControlTurtlesim' for CMake module files
[2.966s] Level 1:colcon.colcon_core.environment:checking '/media/mojarras/Wiwi/droneops/Learning-Projects/Ros2/install/ControlTurtlesim' for CMake config files
[2.967s] Level 1:colcon.colcon_core.environment:checking '/media/mojarras/Wiwi/droneops/Learning-Projects/Ros2/install/ControlTurtlesim/lib'
[2.967s] Level 1:colcon.colcon_core.environment:checking '/media/mojarras/Wiwi/droneops/Learning-Projects/Ros2/install/ControlTurtlesim/bin'
[2.968s] Level 1:colcon.colcon_core.environment:checking '/media/mojarras/Wiwi/droneops/Learning-Projects/Ros2/install/ControlTurtlesim/lib/pkgconfig/ControlTurtlesim.pc'
[2.968s] Level 1:colcon.colcon_core.environment:checking '/media/mojarras/Wiwi/droneops/Learning-Projects/Ros2/install/ControlTurtlesim/lib/python3.12/site-packages'
[2.968s] Level 1:colcon.colcon_core.shell:create_environment_hook('ControlTurtlesim', 'pythonpath')
[2.968s] INFO:colcon.colcon_core.shell:Creating environment hook '/media/mojarras/Wiwi/droneops/Learning-Projects/Ros2/install/ControlTurtlesim/share/ControlTurtlesim/hook/pythonpath.ps1'
[2.969s] INFO:colcon.colcon_core.shell:Creating environment descriptor '/media/mojarras/Wiwi/droneops/Learning-Projects/Ros2/install/ControlTurtlesim/share/ControlTurtlesim/hook/pythonpath.dsv'
[2.970s] INFO:colcon.colcon_core.shell:Creating environment hook '/media/mojarras/Wiwi/droneops/Learning-Projects/Ros2/install/ControlTurtlesim/share/ControlTurtlesim/hook/pythonpath.sh'
[2.971s] Level 1:colcon.colcon_core.environment:checking '/media/mojarras/Wiwi/droneops/Learning-Projects/Ros2/install/ControlTurtlesim/bin'
[2.971s] Level 1:colcon.colcon_core.environment:create_environment_scripts_only(ControlTurtlesim)
[2.971s] INFO:colcon.colcon_core.shell:Creating package script '/media/mojarras/Wiwi/droneops/Learning-Projects/Ros2/install/ControlTurtlesim/share/ControlTurtlesim/package.ps1'
[2.972s] INFO:colcon.colcon_core.shell:Creating package descriptor '/media/mojarras/Wiwi/droneops/Learning-Projects/Ros2/install/ControlTurtlesim/share/ControlTurtlesim/package.dsv'
[2.973s] INFO:colcon.colcon_core.shell:Creating package script '/media/mojarras/Wiwi/droneops/Learning-Projects/Ros2/install/ControlTurtlesim/share/ControlTurtlesim/package.sh'
[2.974s] INFO:colcon.colcon_core.shell:Creating package script '/media/mojarras/Wiwi/droneops/Learning-Projects/Ros2/install/ControlTurtlesim/share/ControlTurtlesim/package.bash'
[2.975s] INFO:colcon.colcon_core.shell:Creating package script '/media/mojarras/Wiwi/droneops/Learning-Projects/Ros2/install/ControlTurtlesim/share/ControlTurtlesim/package.zsh'
[2.976s] Level 1:colcon.colcon_core.environment:create_file_with_runtime_dependencies(/media/mojarras/Wiwi/droneops/Learning-Projects/Ros2/install/ControlTurtlesim/share/colcon-core/packages/ControlTurtlesim)
[2.976s] DEBUG:colcon.colcon_parallel_executor.executor.parallel:closing loop
[2.977s] DEBUG:colcon.colcon_parallel_executor.executor.parallel:loop closed
[2.977s] DEBUG:colcon.colcon_parallel_executor.executor.parallel:run_until_complete finished with '0'
[2.977s] DEBUG:colcon.colcon_core.event_reactor:joining thread
[2.986s] INFO:colcon.colcon_core.plugin_system:Skipping extension 'colcon_notification.desktop_notification.terminal_notifier': Not used on non-Darwin systems
[2.986s] INFO:colcon.colcon_core.plugin_system:Skipping extension 'colcon_notification.desktop_notification.win32': Not used on non-Windows systems
[2.986s] INFO:colcon.colcon_notification.desktop_notification:Sending desktop notification using 'notify2'
[2.989s] DEBUG:colcon.colcon_core.event_reactor:joined thread
[2.989s] INFO:colcon.colcon_core.shell:Creating prefix script '/media/mojarras/Wiwi/droneops/Learning-Projects/Ros2/install/local_setup.ps1'
[2.990s] INFO:colcon.colcon_core.shell:Creating prefix util module '/media/mojarras/Wiwi/droneops/Learning-Projects/Ros2/install/_local_setup_util_ps1.py'
[2.991s] INFO:colcon.colcon_core.shell:Creating prefix chain script '/media/mojarras/Wiwi/droneops/Learning-Projects/Ros2/install/setup.ps1'
[2.993s] INFO:colcon.colcon_core.shell:Creating prefix script '/media/mojarras/Wiwi/droneops/Learning-Projects/Ros2/install/local_setup.sh'
[2.994s] INFO:colcon.colcon_core.shell:Creating prefix util module '/media/mojarras/Wiwi/droneops/Learning-Projects/Ros2/install/_local_setup_util_sh.py'
[2.994s] INFO:colcon.colcon_core.shell:Creating prefix chain script '/media/mojarras/Wiwi/droneops/Learning-Projects/Ros2/install/setup.sh'
[2.996s] INFO:colcon.colcon_core.shell:Creating prefix script '/media/mojarras/Wiwi/droneops/Learning-Projects/Ros2/install/local_setup.bash'
[2.996s] INFO:colcon.colcon_core.shell:Creating prefix chain script '/media/mojarras/Wiwi/droneops/Learning-Projects/Ros2/install/setup.bash'
[2.997s] INFO:colcon.colcon_core.shell:Creating prefix script '/media/mojarras/Wiwi/droneops/Learning-Projects/Ros2/install/local_setup.zsh'
[2.998s] INFO:colcon.colcon_core.shell:Creating prefix chain script '/media/mojarras/Wiwi/droneops/Learning-Projects/Ros2/install/setup.zsh'
